TREE_CACHE status=miss name="additional-properties.tmpl" total=0.331539 read=0.000014 decode=0.000000 parse=0.002455 encode=0.327257 write=0.001501 bytes=0
TREE_CACHE status=miss name="client-partials.tmpl" total=0.373281 read=0.000007 decode=0.000000 parse=0.003256 encode=0.368287 write=0.001458 bytes=0
TREE_CACHE status=miss name="client-with-responses.tmpl" total=2.938289 read=0.000007 decode=0.000000 parse=0.006671 encode=2.928763 write=0.002372 bytes=0
TREE_CACHE status=miss name="client.tmpl" total=5.732140 read=0.000009 decode=0.000000 parse=0.013393 encode=5.715093 write=0.002984 bytes=0
TREE_CACHE status=miss name="constants.tmpl" total=0.212582 read=0.000007 decode=0.000000 parse=0.002124 encode=0.208965 write=0.001290 bytes=0
TREE_CACHE status=miss name="echo/echo-receiver.tmpl" total=2.073946 read=0.000008 decode=0.000000 parse=0.005432 encode=2.065997 write=0.002135 bytes=0
TREE_CACHE status=miss name="echo/echo-register.tmpl" total=0.158050 read=0.000009 decode=0.000000 parse=0.001050 encode=0.156009 write=0.000698 bytes=0
TREE_CACHE status=miss name="echo/echo-wrappers.tmpl" total=4.650141 read=0.000006 decode=0.000000 parse=0.007256 encode=4.639406 write=0.002996 bytes=0
TREE_CACHE status=miss name="fiber/fiber-middleware.tmpl" total=7.389042 read=0.000007 decode=0.000000 parse=0.008041 encode=7.377988 write=0.002407 bytes=0
TREE_CACHE status=miss name="fiber/fiber-receiver.tmpl" total=2.340785 read=0.000007 decode=0.000000 parse=0.005951 encode=2.331579 write=0.002809 bytes=0
TREE_CACHE status=miss name="fiber-handler.tmpl" total=0.045255 read=0.000012 decode=0.000000 parse=0.000593 encode=0.043938 write=0.000498 bytes=0
TREE_CACHE status=miss name="gin/gin-receiver.tmpl" total=2.119740 read=0.000009 decode=0.000000 parse=0.013650 encode=2.102686 write=0.002992 bytes=0
TREE_CACHE status=miss name="gin/gin-register.tmpl" total=0.040004 read=0.000009 decode=0.000000 parse=0.000498 encode=0.038846 write=0.000458 bytes=0
TREE_CACHE status=miss name="gin/gin-wrappers.tmpl" total=4.012738 read=0.000010 decode=0.000000 parse=0.007282 encode=4.001878 write=0.003005 bytes=0
TREE_CACHE status=miss name="imports.tmpl" total=0.089525 read=0.000009 decode=0.000000 parse=0.000939 encode=0.087912 write=0.000464 bytes=0
TREE_CACHE status=miss name="initiator.tmpl" total=3.926358 read=0.000007 decode=0.000000 parse=0.007417 encode=3.915903 write=0.002440 bytes=0
TREE_CACHE status=miss name="inline.tmpl" total=0.084770 read=0.000010 decode=0.000000 parse=0.000752 encode=0.082921 write=0.000740 bytes=0
TREE_CACHE status=miss name="iris/iris-handler.tmpl" total=0.042567 read=0.000008 decode=0.000000 parse=0.000562 encode=0.041251 write=0.000544 bytes=0
TREE_CACHE status=miss name="iris/iris-middleware.tmpl" total=3.808482 read=0.000016 decode=0.000000 parse=0.007626 encode=3.798016 write=0.002299 bytes=0
TREE_CACHE status=miss name="iris/iris-receiver.tmpl" total=2.090083 read=0.000007 decode=0.000000 parse=0.005361 encode=2.082944 write=0.001324 bytes=0
TREE_CACHE status=miss name="param-types.tmpl" total=0.049752 read=0.000007 decode=0.000000 parse=0.000759 encode=0.048432 write=0.000407 bytes=0
TREE_CACHE status=miss name="receiver-stdlib.tmpl" total=2.479445 read=0.000008 decode=0.000000 parse=0.005778 encode=2.471794 write=0.001403 bytes=0
TREE_CACHE status=miss name="request-bodies.tmpl" total=0.141800 read=0.000008 decode=0.000000 parse=0.001450 encode=0.139425 write=0.000724 bytes=0
TREE_CACHE status=miss name="server-handler.tmpl" total=1.036251 read=0.000010 decode=0.000000 parse=0.003146 encode=1.029813 write=0.002781 bytes=0
TREE_CACHE status=miss name="server-interface.tmpl" total=0.144599 read=0.000007 decode=0.000000 parse=0.000936 encode=0.142717 write=0.000709 bytes=0
TREE_CACHE status=miss name="server-middleware.tmpl" total=10.345996 read=0.000010 decode=0.000000 parse=0.008644 encode=10.333503 write=0.003128 bytes=0
TREE_CACHE status=miss name="server-urls.tmpl" total=0.933637 read=0.000006 decode=0.000000 parse=0.004456 encode=0.927715 write=0.001114 bytes=0
TREE_CACHE status=miss name="strict/strict-echo.tmpl" total=2.775769 read=0.000009 decode=0.000000 parse=0.004215 encode=2.769063 write=0.002012 bytes=0
TREE_CACHE status=miss name="strict/strict-fiber-interface.tmpl" total=6.201589 read=0.000021 decode=0.000000 parse=0.010686 encode=6.187759 write=0.002360 bytes=0
TREE_CACHE status=miss name="strict/strict-fiber.tmpl" total=2.152338 read=0.000013 decode=0.000000 parse=0.004307 encode=2.144954 write=0.002595 bytes=0
TREE_CACHE status=miss name="strict/strict-gin.tmpl" total=1.561438 read=0.000057 decode=0.000000 parse=0.005489 encode=1.551757 write=0.003077 bytes=0
TREE_CACHE status=miss name="strict/strict-http.tmpl" total=1.357073 read=0.000015 decode=0.000000 parse=0.003840 encode=1.351356 write=0.001305 bytes=0
TREE_CACHE status=miss name="strict/strict-interface.tmpl" total=7.192644 read=0.000008 decode=0.000000 parse=0.014046 encode=7.174296 write=0.003565 bytes=0
TREE_CACHE status=miss name="strict/strict-iris-interface.tmpl" total=6.045757 read=0.000009 decode=0.000000 parse=0.009981 encode=6.033049 write=0.002088 bytes=0
TREE_CACHE status=miss name="strict/strict-iris.tmpl" total=1.156726 read=0.000008 decode=0.000000 parse=0.003725 encode=1.151387 write=0.001166 bytes=0
TREE_CACHE status=miss name="strict/strict-partials.tmpl" total=0.407946 read=0.000008 decode=0.000000 parse=0.001684 encode=0.405127 write=0.000833 bytes=0
TREE_CACHE status=miss name="strict/strict-responses.tmpl" total=0.514981 read=0.000007 decode=0.000000 parse=0.002708 encode=0.511139 write=0.000873 bytes=0
TREE_CACHE status=miss name="typedef.tmpl" total=0.022089 read=0.000008 decode=0.000000 parse=0.000442 encode=0.021062 write=0.000425 bytes=0
TREE_CACHE status=miss name="union-and-additional-properties.tmpl" total=0.253577 read=0.000011 decode=0.000000 parse=0.001863 encode=0.250657 write=0.000753 bytes=0
TREE_CACHE status=miss name="union.tmpl" total=17.657624 read=0.000010 decode=0.000000 parse=0.020773 encode=17.631584 write=0.004130 bytes=0
