gate 1/53 anyof-allof-oneof identical
gate 2/53 authenticated-api/echo/api identical
gate 3/53 authenticated-api/stdhttp/api identical
gate 4/53 callback identical
gate 5/53 client identical
gate 6/53 clienttypenameclash identical
gate 7/53 custom-client-type identical
gate 8/53 extensions/xdeprecatedreason identical
gate 9/53 extensions/xenumnames identical
gate 10/53 extensions/xgojsonignore identical
gate 11/53 extensions/xgoname identical
gate 12/53 extensions/xgotype identical
gate 13/53 extensions/xgotypename identical
gate 14/53 extensions/xgotypeskipoptionalpointer identical
gate 15/53 extensions/xoapicodegenextratags identical
gate 16/53 extensions/xoapicodegenonlyhonourgoname identical
gate 17/53 extensions/xomitempty identical
gate 18/53 extensions/xomitzero identical
gate 19/53 extensions/xorder identical
gate 20/53 generate/serverurls identical
gate 21/53 import-mapping/multiplepackages/admin identical
gate 22/53 import-mapping/multiplepackages/common identical
gate 23/53 import-mapping/samepackage identical
gate 24/53 import-mapping/samepackage identical
gate 25/53 minimal-server/chi/api identical
gate 26/53 minimal-server/echo/api identical
gate 27/53 minimal-server/fiber/api identical
gate 28/53 minimal-server/fiberv3/api identical
gate 29/53 minimal-server/gin/api identical
gate 30/53 minimal-server/gorillamux/api identical
gate 31/53 minimal-server/iris/api identical
gate 32/53 minimal-server/stdhttp/api identical
gate 33/53 only-models identical
gate 34/53 output-options/additionalinitialisms identical
gate 35/53 output-options/preferskipoptionalpointer identical
gate 36/53 output-options/preferskipoptionalpointerwithomitzero identical
gate 37/53 output-options/type-mapping identical
gate 38/53 overlay/api identical
gate 39/53 petstore-expanded/chi/api identical
gate 40/53 petstore-expanded/common/client/openapi identical
gate 41/53 petstore-expanded/echo-v5/api identical
gate 42/53 petstore-expanded/echo/api identical
gate 43/53 petstore-expanded/fiber/api identical
gate 44/53 petstore-expanded/fiberv3/api identical
gate 45/53 petstore-expanded/fiberv3/api identical
gate 46/53 petstore-expanded/gin/api identical
gate 47/53 petstore-expanded/gorilla/api identical
gate 48/53 petstore-expanded/iris/api identical
gate 49/53 petstore-expanded/stdhttp/api identical
gate 50/53 petstore-expanded/strict/api identical
gate 51/53 streaming/client/sse identical
gate 52/53 streaming/stdhttp/sse identical
gate 53/53 webhook identical
gate all 53 identical {'native': 5.932, 'off': 42.979, 'warm': 53.796}
