TREE_CACHE status=hit name="additional-properties.tmpl" total=0.004756 read=0.000154 decode=0.004301 parse=0.000000 encode=0.000000 write=0.000000 bytes=7849
TREE_CACHE status=hit name="client-partials.tmpl" total=0.004497 read=0.000260 decode=0.003974 parse=0.000000 encode=0.000000 write=0.000000 bytes=8630
TREE_CACHE status=hit name="client-with-responses.tmpl" total=0.013434 read=0.000319 decode=0.012615 parse=0.000000 encode=0.000000 write=0.000000 bytes=23011
TREE_CACHE status=hit name="client.tmpl" total=0.022178 read=0.000510 decode=0.020998 parse=0.000000 encode=0.000000 write=0.000000 bytes=35090
TREE_CACHE status=hit name="constants.tmpl" total=0.004120 read=0.000217 decode=0.003558 parse=0.000000 encode=0.000000 write=0.000000 bytes=4543
TREE_CACHE status=hit name="echo/echo-receiver.tmpl" total=0.012059 read=0.000284 decode=0.011372 parse=0.000000 encode=0.000000 write=0.000000 bytes=18927
TREE_CACHE status=hit name="echo/echo-register.tmpl" total=0.002770 read=0.000154 decode=0.002349 parse=0.000000 encode=0.000000 write=0.000000 bytes=6939
TREE_CACHE status=hit name="echo/echo-wrappers.tmpl" total=0.016300 read=0.000433 decode=0.015354 parse=0.000000 encode=0.000000 write=0.000000 bytes=31413
TREE_CACHE status=hit name="fiber/fiber-middleware.tmpl" total=0.025868 read=0.000740 decode=0.024543 parse=0.000000 encode=0.000000 write=0.000000 bytes=45601
TREE_CACHE status=hit name="fiber/fiber-receiver.tmpl" total=0.014000 read=0.000324 decode=0.013233 parse=0.000000 encode=0.000000 write=0.000000 bytes=19868
TREE_CACHE status=hit name="fiber-handler.tmpl" total=0.001395 read=0.000118 decode=0.001082 parse=0.000000 encode=0.000000 write=0.000000 bytes=2576
TREE_CACHE status=hit name="gin/gin-receiver.tmpl" total=0.011913 read=0.000321 decode=0.011133 parse=0.000000 encode=0.000000 write=0.000000 bytes=18800
TREE_CACHE status=hit name="gin/gin-register.tmpl" total=0.001252 read=0.000083 decode=0.000965 parse=0.000000 encode=0.000000 write=0.000000 bytes=2924
TREE_CACHE status=hit name="gin/gin-wrappers.tmpl" total=0.021339 read=0.000376 decode=0.020429 parse=0.000000 encode=0.000000 write=0.000000 bytes=26667
TREE_CACHE status=hit name="imports.tmpl" total=0.002189 read=0.000095 decode=0.001920 parse=0.000000 encode=0.000000 write=0.000000 bytes=3027
TREE_CACHE status=hit name="initiator.tmpl" total=0.015597 read=0.000454 decode=0.014603 parse=0.000000 encode=0.000000 write=0.000000 bytes=27136
TREE_CACHE status=hit name="inline.tmpl" total=0.002132 read=0.000156 decode=0.001647 parse=0.000000 encode=0.000000 write=0.000000 bytes=8274
TREE_CACHE status=hit name="iris/iris-handler.tmpl" total=0.001154 read=0.000053 decode=0.000949 parse=0.000000 encode=0.000000 write=0.000000 bytes=2461
TREE_CACHE status=hit name="iris/iris-middleware.tmpl" total=0.015290 read=0.000360 decode=0.014465 parse=0.000000 encode=0.000000 write=0.000000 bytes=25695
TREE_CACHE status=hit name="iris/iris-receiver.tmpl" total=0.017684 read=0.000297 decode=0.017007 parse=0.000000 encode=0.000000 write=0.000000 bytes=19032
TREE_CACHE status=hit name="param-types.tmpl" total=0.001458 read=0.000065 decode=0.001262 parse=0.000000 encode=0.000000 write=0.000000 bytes=1471
TREE_CACHE status=hit name="receiver-stdlib.tmpl" total=0.012545 read=0.000312 decode=0.011838 parse=0.000000 encode=0.000000 write=0.000000 bytes=20891
TREE_CACHE status=hit name="request-bodies.tmpl" total=0.002715 read=0.000088 decode=0.002473 parse=0.000000 encode=0.000000 write=0.000000 bytes=3336
TREE_CACHE status=hit name="server-handler.tmpl" total=0.006163 read=0.000398 decode=0.005444 parse=0.000000 encode=0.000000 write=0.000000 bytes=26879
TREE_CACHE status=hit name="server-interface.tmpl" total=0.002217 read=0.000100 decode=0.001937 parse=0.000000 encode=0.000000 write=0.000000 bytes=5877
TREE_CACHE status=hit name="server-middleware.tmpl" total=0.026550 read=0.000939 decode=0.024946 parse=0.000000 encode=0.000000 write=0.000000 bytes=63925
TREE_CACHE status=hit name="server-urls.tmpl" total=0.007716 read=0.000202 decode=0.007202 parse=0.000000 encode=0.000000 write=0.000000 bytes=11487
TREE_CACHE status=hit name="strict/strict-echo.tmpl" total=0.010962 read=0.000510 decode=0.010021 parse=0.000000 encode=0.000000 write=0.000000 bytes=34064
TREE_CACHE status=hit name="strict/strict-fiber-interface.tmpl" total=0.019925 read=0.000498 decode=0.018807 parse=0.000000 encode=0.000000 write=0.000000 bytes=32755
TREE_CACHE status=hit name="strict/strict-fiber.tmpl" total=0.016633 read=0.000485 decode=0.015722 parse=0.000000 encode=0.000000 write=0.000000 bytes=25974
TREE_CACHE status=hit name="strict/strict-gin.tmpl" total=0.008692 read=0.000336 decode=0.007819 parse=0.000000 encode=0.000000 write=0.000000 bytes=20717
TREE_CACHE status=hit name="strict/strict-http.tmpl" total=0.009778 read=0.000312 decode=0.008964 parse=0.000000 encode=0.000000 write=0.000000 bytes=19376
TREE_CACHE status=hit name="strict/strict-interface.tmpl" total=0.023673 read=0.000549 decode=0.022447 parse=0.000000 encode=0.000000 write=0.000000 bytes=35969
TREE_CACHE status=hit name="strict/strict-iris-interface.tmpl" total=0.029604 read=0.000525 decode=0.028403 parse=0.000000 encode=0.000000 write=0.000000 bytes=32408
TREE_CACHE status=hit name="strict/strict-iris.tmpl" total=0.008944 read=0.000292 decode=0.008150 parse=0.000000 encode=0.000000 write=0.000000 bytes=16203
TREE_CACHE status=hit name="strict/strict-partials.tmpl" total=0.004587 read=0.000191 decode=0.004109 parse=0.000000 encode=0.000000 write=0.000000 bytes=11052
TREE_CACHE status=hit name="strict/strict-responses.tmpl" total=0.005668 read=0.000135 decode=0.005294 parse=0.000000 encode=0.000000 write=0.000000 bytes=7565
TREE_CACHE status=hit name="typedef.tmpl" total=0.000893 read=0.000049 decode=0.000726 parse=0.000000 encode=0.000000 write=0.000000 bytes=773
TREE_CACHE status=hit name="union-and-additional-properties.tmpl" total=0.003711 read=0.000115 decode=0.003350 parse=0.000000 encode=0.000000 write=0.000000 bytes=6907
TREE_CACHE status=hit name="union.tmpl" total=0.039382 read=0.001418 decode=0.036684 parse=0.000000 encode=0.000000 write=0.000000 bytes=85860
