TREE_CACHE status=hit name="additional-properties.tmpl" total=0.009253 read=0.000973 decode=0.007867 parse=0.000000 encode=0.000000 write=0.000000 bytes=7849
TREE_CACHE status=hit name="client-partials.tmpl" total=0.005117 read=0.000720 decode=0.004155 parse=0.000000 encode=0.000000 write=0.000000 bytes=8630
TREE_CACHE status=hit name="client-with-responses.tmpl" total=0.013672 read=0.000486 decode=0.012687 parse=0.000000 encode=0.000000 write=0.000000 bytes=23011
TREE_CACHE status=hit name="client.tmpl" total=0.018249 read=0.000670 decode=0.016897 parse=0.000000 encode=0.000000 write=0.000000 bytes=35090
TREE_CACHE status=hit name="constants.tmpl" total=0.003586 read=0.000169 decode=0.003219 parse=0.000000 encode=0.000000 write=0.000000 bytes=4543
TREE_CACHE status=hit name="echo/echo-receiver.tmpl" total=0.016775 read=0.001145 decode=0.015223 parse=0.000000 encode=0.000000 write=0.000000 bytes=18927
TREE_CACHE status=hit name="echo/echo-register.tmpl" total=0.002751 read=0.000199 decode=0.002262 parse=0.000000 encode=0.000000 write=0.000000 bytes=6939
TREE_CACHE status=hit name="echo/echo-wrappers.tmpl" total=0.015939 read=0.000584 decode=0.014877 parse=0.000000 encode=0.000000 write=0.000000 bytes=31413
TREE_CACHE status=hit name="fiber/fiber-middleware.tmpl" total=0.024443 read=0.000772 decode=0.023132 parse=0.000000 encode=0.000000 write=0.000000 bytes=45601
TREE_CACHE status=hit name="fiber/fiber-receiver.tmpl" total=0.012141 read=0.000470 decode=0.011272 parse=0.000000 encode=0.000000 write=0.000000 bytes=19868
TREE_CACHE status=hit name="fiber-handler.tmpl" total=0.001163 read=0.000112 decode=0.000895 parse=0.000000 encode=0.000000 write=0.000000 bytes=2576
TREE_CACHE status=hit name="gin/gin-receiver.tmpl" total=0.011093 read=0.000409 decode=0.010309 parse=0.000000 encode=0.000000 write=0.000000 bytes=18800
TREE_CACHE status=hit name="gin/gin-register.tmpl" total=0.001197 read=0.000117 decode=0.000910 parse=0.000000 encode=0.000000 write=0.000000 bytes=2924
TREE_CACHE status=hit name="gin/gin-wrappers.tmpl" total=0.015355 read=0.000505 decode=0.014358 parse=0.000000 encode=0.000000 write=0.000000 bytes=26667
TREE_CACHE status=hit name="imports.tmpl" total=0.002039 read=0.000127 decode=0.001740 parse=0.000000 encode=0.000000 write=0.000000 bytes=3027
TREE_CACHE status=hit name="initiator.tmpl" total=0.020600 read=0.000582 decode=0.019458 parse=0.000000 encode=0.000000 write=0.000000 bytes=27136
TREE_CACHE status=hit name="inline.tmpl" total=0.002276 read=0.000290 decode=0.001664 parse=0.000000 encode=0.000000 write=0.000000 bytes=8274
TREE_CACHE status=hit name="iris/iris-handler.tmpl" total=0.001256 read=0.000094 decode=0.001008 parse=0.000000 encode=0.000000 write=0.000000 bytes=2461
TREE_CACHE status=hit name="iris/iris-middleware.tmpl" total=0.015226 read=0.000530 decode=0.014221 parse=0.000000 encode=0.000000 write=0.000000 bytes=25695
TREE_CACHE status=hit name="iris/iris-receiver.tmpl" total=0.011307 read=0.000409 decode=0.010499 parse=0.000000 encode=0.000000 write=0.000000 bytes=19032
TREE_CACHE status=hit name="param-types.tmpl" total=0.001523 read=0.000189 decode=0.001211 parse=0.000000 encode=0.000000 write=0.000000 bytes=1471
TREE_CACHE status=hit name="receiver-stdlib.tmpl" total=0.017580 read=0.000446 decode=0.016733 parse=0.000000 encode=0.000000 write=0.000000 bytes=20891
TREE_CACHE status=hit name="request-bodies.tmpl" total=0.002976 read=0.000142 decode=0.002606 parse=0.000000 encode=0.000000 write=0.000000 bytes=3336
TREE_CACHE status=hit name="server-handler.tmpl" total=0.006557 read=0.000549 decode=0.005705 parse=0.000000 encode=0.000000 write=0.000000 bytes=26879
TREE_CACHE status=hit name="server-interface.tmpl" total=0.002331 read=0.000132 decode=0.002007 parse=0.000000 encode=0.000000 write=0.000000 bytes=5877
TREE_CACHE status=hit name="server-middleware.tmpl" total=0.021265 read=0.001077 decode=0.019512 parse=0.000000 encode=0.000000 write=0.000000 bytes=63925
TREE_CACHE status=hit name="server-urls.tmpl" total=0.007325 read=0.000309 decode=0.006717 parse=0.000000 encode=0.000000 write=0.000000 bytes=11487
TREE_CACHE status=hit name="strict/strict-echo.tmpl" total=0.016574 read=0.002691 decode=0.013431 parse=0.000000 encode=0.000000 write=0.000000 bytes=34064
TREE_CACHE status=hit name="strict/strict-fiber-interface.tmpl" total=0.019668 read=0.000633 decode=0.018451 parse=0.000000 encode=0.000000 write=0.000000 bytes=32755
TREE_CACHE status=hit name="strict/strict-fiber.tmpl" total=0.009616 read=0.000528 decode=0.008722 parse=0.000000 encode=0.000000 write=0.000000 bytes=25974
TREE_CACHE status=hit name="strict/strict-gin.tmpl" total=0.008551 read=0.000460 decode=0.007577 parse=0.000000 encode=0.000000 write=0.000000 bytes=20717
TREE_CACHE status=hit name="strict/strict-http.tmpl" total=0.013855 read=0.000738 decode=0.012615 parse=0.000000 encode=0.000000 write=0.000000 bytes=19376
TREE_CACHE status=hit name="strict/strict-interface.tmpl" total=0.021403 read=0.000721 decode=0.019953 parse=0.000000 encode=0.000000 write=0.000000 bytes=35969
TREE_CACHE status=hit name="strict/strict-iris-interface.tmpl" total=0.018966 read=0.000568 decode=0.017800 parse=0.000000 encode=0.000000 write=0.000000 bytes=32408
TREE_CACHE status=hit name="strict/strict-iris.tmpl" total=0.012115 read=0.000812 decode=0.010885 parse=0.000000 encode=0.000000 write=0.000000 bytes=16203
TREE_CACHE status=hit name="strict/strict-partials.tmpl" total=0.004357 read=0.000348 decode=0.003735 parse=0.000000 encode=0.000000 write=0.000000 bytes=11052
TREE_CACHE status=hit name="strict/strict-responses.tmpl" total=0.005763 read=0.000276 decode=0.005268 parse=0.000000 encode=0.000000 write=0.000000 bytes=7565
TREE_CACHE status=hit name="typedef.tmpl" total=0.000916 read=0.000142 decode=0.000661 parse=0.000000 encode=0.000000 write=0.000000 bytes=773
TREE_CACHE status=hit name="union-and-additional-properties.tmpl" total=0.003638 read=0.000385 decode=0.003035 parse=0.000000 encode=0.000000 write=0.000000 bytes=6907
TREE_CACHE status=hit name="union.tmpl" total=0.034102 read=0.001314 decode=0.031509 parse=0.000000 encode=0.000000 write=0.000000 bytes=85860
