TREE_CACHE status=hit name="additional-properties.tmpl" total=0.004546 read=0.000167 decode=0.004110 parse=0.000000 encode=0.000000 write=0.000000 bytes=7849
TREE_CACHE status=hit name="client-partials.tmpl" total=0.004195 read=0.000137 decode=0.003836 parse=0.000000 encode=0.000000 write=0.000000 bytes=8630
TREE_CACHE status=hit name="client-with-responses.tmpl" total=0.013517 read=0.000310 decode=0.012731 parse=0.000000 encode=0.000000 write=0.000000 bytes=23011
TREE_CACHE status=hit name="client.tmpl" total=0.020457 read=0.000575 decode=0.019152 parse=0.000000 encode=0.000000 write=0.000000 bytes=35090
TREE_CACHE status=hit name="constants.tmpl" total=0.006537 read=0.000490 decode=0.005459 parse=0.000000 encode=0.000000 write=0.000000 bytes=4543
TREE_CACHE status=hit name="echo/echo-receiver.tmpl" total=0.011897 read=0.000314 decode=0.011194 parse=0.000000 encode=0.000000 write=0.000000 bytes=18927
TREE_CACHE status=hit name="echo/echo-register.tmpl" total=0.002602 read=0.000138 decode=0.002212 parse=0.000000 encode=0.000000 write=0.000000 bytes=6939
TREE_CACHE status=hit name="echo/echo-wrappers.tmpl" total=0.015897 read=0.000433 decode=0.015004 parse=0.000000 encode=0.000000 write=0.000000 bytes=31413
TREE_CACHE status=hit name="fiber/fiber-middleware.tmpl" total=0.023104 read=0.000763 decode=0.021762 parse=0.000000 encode=0.000000 write=0.000000 bytes=45601
TREE_CACHE status=hit name="fiber/fiber-receiver.tmpl" total=0.013134 read=0.000595 decode=0.011918 parse=0.000000 encode=0.000000 write=0.000000 bytes=19868
TREE_CACHE status=hit name="fiber-handler.tmpl" total=0.001308 read=0.000084 decode=0.001051 parse=0.000000 encode=0.000000 write=0.000000 bytes=2576
TREE_CACHE status=hit name="gin/gin-receiver.tmpl" total=0.011502 read=0.000322 decode=0.010709 parse=0.000000 encode=0.000000 write=0.000000 bytes=18800
TREE_CACHE status=hit name="gin/gin-register.tmpl" total=0.001181 read=0.000076 decode=0.000939 parse=0.000000 encode=0.000000 write=0.000000 bytes=2924
TREE_CACHE status=hit name="gin/gin-wrappers.tmpl" total=0.015842 read=0.000396 decode=0.014928 parse=0.000000 encode=0.000000 write=0.000000 bytes=26667
TREE_CACHE status=hit name="imports.tmpl" total=0.001944 read=0.000078 decode=0.001703 parse=0.000000 encode=0.000000 write=0.000000 bytes=3027
TREE_CACHE status=hit name="initiator.tmpl" total=0.021503 read=0.000400 decode=0.020545 parse=0.000000 encode=0.000000 write=0.000000 bytes=27136
TREE_CACHE status=hit name="inline.tmpl" total=0.002155 read=0.000157 decode=0.001669 parse=0.000000 encode=0.000000 write=0.000000 bytes=8274
TREE_CACHE status=hit name="iris/iris-handler.tmpl" total=0.001185 read=0.000056 decode=0.000974 parse=0.000000 encode=0.000000 write=0.000000 bytes=2461
TREE_CACHE status=hit name="iris/iris-middleware.tmpl" total=0.015244 read=0.000372 decode=0.014379 parse=0.000000 encode=0.000000 write=0.000000 bytes=25695
TREE_CACHE status=hit name="iris/iris-receiver.tmpl" total=0.011130 read=0.000317 decode=0.010420 parse=0.000000 encode=0.000000 write=0.000000 bytes=19032
TREE_CACHE status=hit name="param-types.tmpl" total=0.001995 read=0.000048 decode=0.001782 parse=0.000000 encode=0.000000 write=0.000000 bytes=1471
TREE_CACHE status=hit name="receiver-stdlib.tmpl" total=0.015998 read=0.002032 decode=0.012471 parse=0.000000 encode=0.000000 write=0.000000 bytes=20891
TREE_CACHE status=hit name="request-bodies.tmpl" total=0.002709 read=0.000080 decode=0.002475 parse=0.000000 encode=0.000000 write=0.000000 bytes=3336
TREE_CACHE status=hit name="server-handler.tmpl" total=0.006427 read=0.000437 decode=0.005661 parse=0.000000 encode=0.000000 write=0.000000 bytes=26879
TREE_CACHE status=hit name="server-interface.tmpl" total=0.002289 read=0.000096 decode=0.001997 parse=0.000000 encode=0.000000 write=0.000000 bytes=5877
TREE_CACHE status=hit name="server-middleware.tmpl" total=0.025812 read=0.000838 decode=0.024144 parse=0.000000 encode=0.000000 write=0.000000 bytes=63925
TREE_CACHE status=hit name="server-urls.tmpl" total=0.008411 read=0.000254 decode=0.007182 parse=0.000000 encode=0.000000 write=0.000000 bytes=11487
TREE_CACHE status=hit name="strict/strict-echo.tmpl" total=0.011197 read=0.000514 decode=0.010239 parse=0.000000 encode=0.000000 write=0.000000 bytes=34064
TREE_CACHE status=hit name="strict/strict-fiber-interface.tmpl" total=0.019662 read=0.000470 decode=0.018577 parse=0.000000 encode=0.000000 write=0.000000 bytes=32755
TREE_CACHE status=hit name="strict/strict-fiber.tmpl" total=0.013595 read=0.000362 decode=0.012747 parse=0.000000 encode=0.000000 write=0.000000 bytes=25974
TREE_CACHE status=hit name="strict/strict-gin.tmpl" total=0.008810 read=0.000358 decode=0.007794 parse=0.000000 encode=0.000000 write=0.000000 bytes=20717
TREE_CACHE status=hit name="strict/strict-http.tmpl" total=0.008616 read=0.000325 decode=0.007809 parse=0.000000 encode=0.000000 write=0.000000 bytes=19376
TREE_CACHE status=hit name="strict/strict-interface.tmpl" total=0.021133 read=0.000500 decode=0.019985 parse=0.000000 encode=0.000000 write=0.000000 bytes=35969
TREE_CACHE status=hit name="strict/strict-iris-interface.tmpl" total=0.025630 read=0.000463 decode=0.024562 parse=0.000000 encode=0.000000 write=0.000000 bytes=32408
TREE_CACHE status=hit name="strict/strict-iris.tmpl" total=0.007948 read=0.000269 decode=0.007266 parse=0.000000 encode=0.000000 write=0.000000 bytes=16203
TREE_CACHE status=hit name="strict/strict-partials.tmpl" total=0.004114 read=0.000189 decode=0.003669 parse=0.000000 encode=0.000000 write=0.000000 bytes=11052
TREE_CACHE status=hit name="strict/strict-responses.tmpl" total=0.005082 read=0.000152 decode=0.004715 parse=0.000000 encode=0.000000 write=0.000000 bytes=7565
TREE_CACHE status=hit name="typedef.tmpl" total=0.000793 read=0.000038 decode=0.000649 parse=0.000000 encode=0.000000 write=0.000000 bytes=773
TREE_CACHE status=hit name="union-and-additional-properties.tmpl" total=0.003335 read=0.000106 decode=0.002995 parse=0.000000 encode=0.000000 write=0.000000 bytes=6907
TREE_CACHE status=hit name="union.tmpl" total=0.035182 read=0.001183 decode=0.032979 parse=0.000000 encode=0.000000 write=0.000000 bytes=85860
