TREE_CACHE status=hit name="additional-properties.tmpl" total=0.004339 read=0.000145 decode=0.003919 parse=0.000000 encode=0.000000 write=0.000000 bytes=7849
TREE_CACHE status=hit name="client-partials.tmpl" total=0.004113 read=0.000134 decode=0.003744 parse=0.000000 encode=0.000000 write=0.000000 bytes=8630
TREE_CACHE status=hit name="client-with-responses.tmpl" total=0.013253 read=0.000351 decode=0.012450 parse=0.000000 encode=0.000000 write=0.000000 bytes=23011
TREE_CACHE status=hit name="client.tmpl" total=0.023178 read=0.000482 decode=0.022019 parse=0.000000 encode=0.000000 write=0.000000 bytes=35090
TREE_CACHE status=hit name="constants.tmpl" total=0.003546 read=0.000121 decode=0.003211 parse=0.000000 encode=0.000000 write=0.000000 bytes=4543
TREE_CACHE status=hit name="echo/echo-receiver.tmpl" total=0.011465 read=0.000265 decode=0.010816 parse=0.000000 encode=0.000000 write=0.000000 bytes=18927
TREE_CACHE status=hit name="echo/echo-register.tmpl" total=0.002736 read=0.000143 decode=0.002339 parse=0.000000 encode=0.000000 write=0.000000 bytes=6939
TREE_CACHE status=hit name="echo/echo-wrappers.tmpl" total=0.016257 read=0.000424 decode=0.015370 parse=0.000000 encode=0.000000 write=0.000000 bytes=31413
TREE_CACHE status=hit name="fiber/fiber-middleware.tmpl" total=0.023516 read=0.000727 decode=0.022194 parse=0.000000 encode=0.000000 write=0.000000 bytes=45601
TREE_CACHE status=hit name="fiber/fiber-receiver.tmpl" total=0.011989 read=0.000351 decode=0.011188 parse=0.000000 encode=0.000000 write=0.000000 bytes=19868
TREE_CACHE status=hit name="fiber-handler.tmpl" total=0.001238 read=0.000080 decode=0.000989 parse=0.000000 encode=0.000000 write=0.000000 bytes=2576
TREE_CACHE status=hit name="gin/gin-receiver.tmpl" total=0.011614 read=0.000284 decode=0.010932 parse=0.000000 encode=0.000000 write=0.000000 bytes=18800
TREE_CACHE status=hit name="gin/gin-register.tmpl" total=0.001161 read=0.000082 decode=0.000911 parse=0.000000 encode=0.000000 write=0.000000 bytes=2924
TREE_CACHE status=hit name="gin/gin-wrappers.tmpl" total=0.022157 read=0.000409 decode=0.021262 parse=0.000000 encode=0.000000 write=0.000000 bytes=26667
TREE_CACHE status=hit name="imports.tmpl" total=0.002049 read=0.000109 decode=0.001741 parse=0.000000 encode=0.000000 write=0.000000 bytes=3027
TREE_CACHE status=hit name="initiator.tmpl" total=0.015569 read=0.000394 decode=0.014633 parse=0.000000 encode=0.000000 write=0.000000 bytes=27136
TREE_CACHE status=hit name="inline.tmpl" total=0.002041 read=0.000144 decode=0.001595 parse=0.000000 encode=0.000000 write=0.000000 bytes=8274
TREE_CACHE status=hit name="iris/iris-handler.tmpl" total=0.001158 read=0.000050 decode=0.000951 parse=0.000000 encode=0.000000 write=0.000000 bytes=2461
TREE_CACHE status=hit name="iris/iris-middleware.tmpl" total=0.015421 read=0.000344 decode=0.014617 parse=0.000000 encode=0.000000 write=0.000000 bytes=25695
TREE_CACHE status=hit name="iris/iris-receiver.tmpl" total=0.017698 read=0.000281 decode=0.017021 parse=0.000000 encode=0.000000 write=0.000000 bytes=19032
TREE_CACHE status=hit name="param-types.tmpl" total=0.001677 read=0.000072 decode=0.001467 parse=0.000000 encode=0.000000 write=0.000000 bytes=1471
TREE_CACHE status=hit name="receiver-stdlib.tmpl" total=0.012337 read=0.000320 decode=0.011593 parse=0.000000 encode=0.000000 write=0.000000 bytes=20891
TREE_CACHE status=hit name="request-bodies.tmpl" total=0.002722 read=0.000080 decode=0.002490 parse=0.000000 encode=0.000000 write=0.000000 bytes=3336
TREE_CACHE status=hit name="server-handler.tmpl" total=0.006153 read=0.000380 decode=0.005466 parse=0.000000 encode=0.000000 write=0.000000 bytes=26879
TREE_CACHE status=hit name="server-interface.tmpl" total=0.002250 read=0.000100 decode=0.001962 parse=0.000000 encode=0.000000 write=0.000000 bytes=5877
TREE_CACHE status=hit name="server-middleware.tmpl" total=0.021801 read=0.000882 decode=0.020241 parse=0.000000 encode=0.000000 write=0.000000 bytes=63925
TREE_CACHE status=hit name="server-urls.tmpl" total=0.011979 read=0.000188 decode=0.011472 parse=0.000000 encode=0.000000 write=0.000000 bytes=11487
TREE_CACHE status=hit name="strict/strict-echo.tmpl" total=0.011033 read=0.000512 decode=0.010077 parse=0.000000 encode=0.000000 write=0.000000 bytes=34064
TREE_CACHE status=hit name="strict/strict-fiber-interface.tmpl" total=0.019755 read=0.000461 decode=0.018701 parse=0.000000 encode=0.000000 write=0.000000 bytes=32755
TREE_CACHE status=hit name="strict/strict-fiber.tmpl" total=0.009881 read=0.000374 decode=0.009110 parse=0.000000 encode=0.000000 write=0.000000 bytes=25974
TREE_CACHE status=hit name="strict/strict-gin.tmpl" total=0.014764 read=0.000292 decode=0.013898 parse=0.000000 encode=0.000000 write=0.000000 bytes=20717
TREE_CACHE status=hit name="strict/strict-http.tmpl" total=0.008644 read=0.000314 decode=0.007844 parse=0.000000 encode=0.000000 write=0.000000 bytes=19376
TREE_CACHE status=hit name="strict/strict-interface.tmpl" total=0.021274 read=0.000547 decode=0.020088 parse=0.000000 encode=0.000000 write=0.000000 bytes=35969
TREE_CACHE status=hit name="strict/strict-iris-interface.tmpl" total=0.026743 read=0.000465 decode=0.025669 parse=0.000000 encode=0.000000 write=0.000000 bytes=32408
TREE_CACHE status=hit name="strict/strict-iris.tmpl" total=0.008075 read=0.000267 decode=0.007369 parse=0.000000 encode=0.000000 write=0.000000 bytes=16203
TREE_CACHE status=hit name="strict/strict-partials.tmpl" total=0.004143 read=0.000189 decode=0.003702 parse=0.000000 encode=0.000000 write=0.000000 bytes=11052
TREE_CACHE status=hit name="strict/strict-responses.tmpl" total=0.005288 read=0.000122 decode=0.004974 parse=0.000000 encode=0.000000 write=0.000000 bytes=7565
TREE_CACHE status=hit name="typedef.tmpl" total=0.000796 read=0.000038 decode=0.000649 parse=0.000000 encode=0.000000 write=0.000000 bytes=773
TREE_CACHE status=hit name="union-and-additional-properties.tmpl" total=0.003392 read=0.000116 decode=0.003050 parse=0.000000 encode=0.000000 write=0.000000 bytes=6907
TREE_CACHE status=hit name="union.tmpl" total=0.035164 read=0.001139 decode=0.032961 parse=0.000000 encode=0.000000 write=0.000000 bytes=85860
