TREE_CACHE status=hit name="additional-properties.tmpl" total=0.004485 read=0.000149 decode=0.004067 parse=0.000000 encode=0.000000 write=0.000000 bytes=7849
TREE_CACHE status=hit name="client-partials.tmpl" total=0.004217 read=0.000166 decode=0.003819 parse=0.000000 encode=0.000000 write=0.000000 bytes=8630
TREE_CACHE status=hit name="client-with-responses.tmpl" total=0.019940 read=0.000347 decode=0.019083 parse=0.000000 encode=0.000000 write=0.000000 bytes=23011
TREE_CACHE status=hit name="client.tmpl" total=0.019188 read=0.000559 decode=0.017928 parse=0.000000 encode=0.000000 write=0.000000 bytes=35090
TREE_CACHE status=hit name="constants.tmpl" total=0.003492 read=0.000098 decode=0.003225 parse=0.000000 encode=0.000000 write=0.000000 bytes=4543
TREE_CACHE status=hit name="echo/echo-receiver.tmpl" total=0.011431 read=0.000271 decode=0.010789 parse=0.000000 encode=0.000000 write=0.000000 bytes=18927
TREE_CACHE status=hit name="echo/echo-register.tmpl" total=0.002815 read=0.000143 decode=0.002400 parse=0.000000 encode=0.000000 write=0.000000 bytes=6939
TREE_CACHE status=hit name="echo/echo-wrappers.tmpl" total=0.021173 read=0.000495 decode=0.020143 parse=0.000000 encode=0.000000 write=0.000000 bytes=31413
TREE_CACHE status=hit name="fiber/fiber-middleware.tmpl" total=0.019812 read=0.000668 decode=0.018493 parse=0.000000 encode=0.000000 write=0.000000 bytes=45601
TREE_CACHE status=hit name="fiber/fiber-receiver.tmpl" total=0.012220 read=0.000297 decode=0.011510 parse=0.000000 encode=0.000000 write=0.000000 bytes=19868
TREE_CACHE status=hit name="fiber-handler.tmpl" total=0.001214 read=0.000080 decode=0.000966 parse=0.000000 encode=0.000000 write=0.000000 bytes=2576
TREE_CACHE status=hit name="gin/gin-receiver.tmpl" total=0.017089 read=0.000277 decode=0.016442 parse=0.000000 encode=0.000000 write=0.000000 bytes=18800
TREE_CACHE status=hit name="gin/gin-register.tmpl" total=0.001299 read=0.000096 decode=0.001008 parse=0.000000 encode=0.000000 write=0.000000 bytes=2924
TREE_CACHE status=hit name="gin/gin-wrappers.tmpl" total=0.015875 read=0.000418 decode=0.014966 parse=0.000000 encode=0.000000 write=0.000000 bytes=26667
TREE_CACHE status=hit name="imports.tmpl" total=0.002040 read=0.000082 decode=0.001783 parse=0.000000 encode=0.000000 write=0.000000 bytes=3027
TREE_CACHE status=hit name="initiator.tmpl" total=0.015852 read=0.000363 decode=0.014888 parse=0.000000 encode=0.000000 write=0.000000 bytes=27136
TREE_CACHE status=hit name="inline.tmpl" total=0.007239 read=0.000859 decode=0.005524 parse=0.000000 encode=0.000000 write=0.000000 bytes=8274
TREE_CACHE status=hit name="iris/iris-handler.tmpl" total=0.002044 read=0.000095 decode=0.001760 parse=0.000000 encode=0.000000 write=0.000000 bytes=2461
TREE_CACHE status=hit name="iris/iris-middleware.tmpl" total=0.016260 read=0.000423 decode=0.015203 parse=0.000000 encode=0.000000 write=0.000000 bytes=25695
TREE_CACHE status=hit name="iris/iris-receiver.tmpl" total=0.011577 read=0.000309 decode=0.010840 parse=0.000000 encode=0.000000 write=0.000000 bytes=19032
TREE_CACHE status=hit name="param-types.tmpl" total=0.001401 read=0.000046 decode=0.001224 parse=0.000000 encode=0.000000 write=0.000000 bytes=1471
TREE_CACHE status=hit name="receiver-stdlib.tmpl" total=0.012223 read=0.000300 decode=0.011498 parse=0.000000 encode=0.000000 write=0.000000 bytes=20891
TREE_CACHE status=hit name="request-bodies.tmpl" total=0.003290 read=0.000086 decode=0.003028 parse=0.000000 encode=0.000000 write=0.000000 bytes=3336
TREE_CACHE status=hit name="server-handler.tmpl" total=0.009008 read=0.000898 decode=0.007659 parse=0.000000 encode=0.000000 write=0.000000 bytes=26879
TREE_CACHE status=hit name="server-interface.tmpl" total=0.002510 read=0.000123 decode=0.002142 parse=0.000000 encode=0.000000 write=0.000000 bytes=5877
TREE_CACHE status=hit name="server-middleware.tmpl" total=0.021709 read=0.000912 decode=0.020140 parse=0.000000 encode=0.000000 write=0.000000 bytes=63925
TREE_CACHE status=hit name="server-urls.tmpl" total=0.007406 read=0.000203 decode=0.006883 parse=0.000000 encode=0.000000 write=0.000000 bytes=11487
TREE_CACHE status=hit name="strict/strict-echo.tmpl" total=0.016555 read=0.000463 decode=0.015657 parse=0.000000 encode=0.000000 write=0.000000 bytes=34064
TREE_CACHE status=hit name="strict/strict-fiber-interface.tmpl" total=0.019991 read=0.000491 decode=0.018857 parse=0.000000 encode=0.000000 write=0.000000 bytes=32755
TREE_CACHE status=hit name="strict/strict-fiber.tmpl" total=0.009718 read=0.000360 decode=0.008986 parse=0.000000 encode=0.000000 write=0.000000 bytes=25974
TREE_CACHE status=hit name="strict/strict-gin.tmpl" total=0.008520 read=0.000319 decode=0.007679 parse=0.000000 encode=0.000000 write=0.000000 bytes=20717
TREE_CACHE status=hit name="strict/strict-http.tmpl" total=0.014190 read=0.000278 decode=0.013443 parse=0.000000 encode=0.000000 write=0.000000 bytes=19376
TREE_CACHE status=hit name="strict/strict-interface.tmpl" total=0.022260 read=0.000562 decode=0.021014 parse=0.000000 encode=0.000000 write=0.000000 bytes=35969
TREE_CACHE status=hit name="strict/strict-iris-interface.tmpl" total=0.022102 read=0.000472 decode=0.020978 parse=0.000000 encode=0.000000 write=0.000000 bytes=32408
TREE_CACHE status=hit name="strict/strict-iris.tmpl" total=0.009799 read=0.000579 decode=0.008581 parse=0.000000 encode=0.000000 write=0.000000 bytes=16203
TREE_CACHE status=hit name="strict/strict-partials.tmpl" total=0.004244 read=0.000191 decode=0.003774 parse=0.000000 encode=0.000000 write=0.000000 bytes=11052
TREE_CACHE status=hit name="strict/strict-responses.tmpl" total=0.005926 read=0.000136 decode=0.005566 parse=0.000000 encode=0.000000 write=0.000000 bytes=7565
TREE_CACHE status=hit name="typedef.tmpl" total=0.000928 read=0.000056 decode=0.000737 parse=0.000000 encode=0.000000 write=0.000000 bytes=773
TREE_CACHE status=hit name="union-and-additional-properties.tmpl" total=0.003660 read=0.000143 decode=0.003177 parse=0.000000 encode=0.000000 write=0.000000 bytes=6907
TREE_CACHE status=hit name="union.tmpl" total=0.110288 read=0.002183 decode=0.106618 parse=0.000000 encode=0.000000 write=0.000000 bytes=85860
