TREE_CACHE status=miss name="additional-properties.tmpl" total=0.007942 read=0.000034 decode=0.000000 parse=0.002163 encode=0.004885 write=0.000567 bytes=0
TREE_CACHE status=miss name="client-partials.tmpl" total=0.007487 read=0.000006 decode=0.000000 parse=0.001789 encode=0.004852 write=0.000600 bytes=0
TREE_CACHE status=miss name="client-with-responses.tmpl" total=0.023155 read=0.000006 decode=0.000000 parse=0.005981 encode=0.015669 write=0.001072 bytes=0
TREE_CACHE status=miss name="client.tmpl" total=0.038350 read=0.000007 decode=0.000000 parse=0.014957 encode=0.021546 write=0.001216 bytes=0
TREE_CACHE status=miss name="constants.tmpl" total=0.006570 read=0.000009 decode=0.000000 parse=0.001959 encode=0.004082 write=0.000358 bytes=0
TREE_CACHE status=miss name="echo/echo-receiver.tmpl" total=0.024990 read=0.000006 decode=0.000000 parse=0.005160 encode=0.018619 write=0.000822 bytes=0
TREE_CACHE status=miss name="echo/echo-register.tmpl" total=0.004853 read=0.000006 decode=0.000000 parse=0.001241 encode=0.002948 write=0.000387 bytes=0
TREE_CACHE status=miss name="echo/echo-wrappers.tmpl" total=0.027106 read=0.000005 decode=0.000000 parse=0.006881 encode=0.018620 write=0.001155 bytes=0
TREE_CACHE status=miss name="fiber/fiber-middleware.tmpl" total=0.036020 read=0.000006 decode=0.000000 parse=0.007342 encode=0.026490 write=0.001597 bytes=0
TREE_CACHE status=miss name="fiber/fiber-receiver.tmpl" total=0.020493 read=0.000007 decode=0.000000 parse=0.005223 encode=0.014057 write=0.000807 bytes=0
TREE_CACHE status=miss name="fiber-handler.tmpl" total=0.002017 read=0.000006 decode=0.000000 parse=0.000483 encode=0.001167 write=0.000209 bytes=0
TREE_CACHE status=miss name="gin/gin-receiver.tmpl" total=0.025459 read=0.000005 decode=0.000000 parse=0.007866 encode=0.016434 write=0.000791 bytes=0
TREE_CACHE status=miss name="gin/gin-register.tmpl" total=0.002098 read=0.000009 decode=0.000000 parse=0.000524 encode=0.001152 write=0.000229 bytes=0
TREE_CACHE status=miss name="gin/gin-wrappers.tmpl" total=0.026890 read=0.000008 decode=0.000000 parse=0.006537 encode=0.018663 write=0.001137 bytes=0
TREE_CACHE status=miss name="imports.tmpl" total=0.006581 read=0.000009 decode=0.000000 parse=0.000872 encode=0.004376 write=0.001093 bytes=0
TREE_CACHE status=miss name="initiator.tmpl" total=0.029371 read=0.000022 decode=0.000000 parse=0.008603 encode=0.018556 write=0.001336 bytes=0
TREE_CACHE status=miss name="inline.tmpl" total=0.003555 read=0.000007 decode=0.000000 parse=0.000748 encode=0.001745 write=0.000717 bytes=0
TREE_CACHE status=miss name="iris/iris-handler.tmpl" total=0.002265 read=0.000008 decode=0.000000 parse=0.000592 encode=0.001227 write=0.000261 bytes=0
TREE_CACHE status=miss name="iris/iris-middleware.tmpl" total=0.034141 read=0.000005 decode=0.000000 parse=0.007059 encode=0.025633 write=0.000991 bytes=0
TREE_CACHE status=miss name="iris/iris-receiver.tmpl" total=0.021074 read=0.000008 decode=0.000000 parse=0.005925 encode=0.013829 write=0.000910 bytes=0
TREE_CACHE status=miss name="param-types.tmpl" total=0.002776 read=0.000008 decode=0.000000 parse=0.000792 encode=0.001527 write=0.000261 bytes=0
TREE_CACHE status=miss name="receiver-stdlib.tmpl" total=0.027869 read=0.000006 decode=0.000000 parse=0.005211 encode=0.021146 write=0.001086 bytes=0
TREE_CACHE status=miss name="request-bodies.tmpl" total=0.005343 read=0.000008 decode=0.000000 parse=0.001316 encode=0.003518 write=0.000337 bytes=0
TREE_CACHE status=miss name="server-handler.tmpl" total=0.009282 read=0.000006 decode=0.000000 parse=0.001913 encode=0.005851 write=0.001173 bytes=0
TREE_CACHE status=miss name="server-interface.tmpl" total=0.003937 read=0.000006 decode=0.000000 parse=0.000872 encode=0.002462 write=0.000385 bytes=0
TREE_CACHE status=miss name="server-middleware.tmpl" total=0.036964 read=0.000009 decode=0.000000 parse=0.007791 encode=0.023367 write=0.005053 bytes=0
TREE_CACHE status=miss name="server-urls.tmpl" total=0.014573 read=0.000010 decode=0.000000 parse=0.003953 encode=0.009650 write=0.000613 bytes=0
TREE_CACHE status=miss name="strict/strict-echo.tmpl" total=0.016955 read=0.000006 decode=0.000000 parse=0.003961 encode=0.011286 write=0.001278 bytes=0
TREE_CACHE status=miss name="strict/strict-fiber-interface.tmpl" total=0.042093 read=0.000008 decode=0.000000 parse=0.009236 encode=0.031028 write=0.001214 bytes=0
TREE_CACHE status=miss name="strict/strict-fiber.tmpl" total=0.016515 read=0.000008 decode=0.000000 parse=0.004309 encode=0.010507 write=0.001270 bytes=0
TREE_CACHE status=miss name="strict/strict-gin.tmpl" total=0.013436 read=0.000005 decode=0.000000 parse=0.003399 encode=0.008769 write=0.000773 bytes=0
TREE_CACHE status=miss name="strict/strict-http.tmpl" total=0.018326 read=0.000005 decode=0.000000 parse=0.003405 encode=0.013632 write=0.000796 bytes=0
TREE_CACHE status=miss name="strict/strict-interface.tmpl" total=0.038261 read=0.000005 decode=0.000000 parse=0.010653 encode=0.025600 write=0.001308 bytes=0
TREE_CACHE status=miss name="strict/strict-iris-interface.tmpl" total=0.038819 read=0.000007 decode=0.000000 parse=0.012290 encode=0.024636 write=0.001303 bytes=0
TREE_CACHE status=miss name="strict/strict-iris.tmpl" total=0.013543 read=0.000007 decode=0.000000 parse=0.003567 encode=0.008895 write=0.000696 bytes=0
TREE_CACHE status=miss name="strict/strict-partials.tmpl" total=0.006541 read=0.000005 decode=0.000000 parse=0.001541 encode=0.004271 write=0.000467 bytes=0
TREE_CACHE status=miss name="strict/strict-responses.tmpl" total=0.015665 read=0.000004 decode=0.000000 parse=0.002485 encode=0.012496 write=0.000460 bytes=0
TREE_CACHE status=miss name="typedef.tmpl" total=0.001529 read=0.000006 decode=0.000000 parse=0.000347 encode=0.000872 write=0.000182 bytes=0
TREE_CACHE status=miss name="union-and-additional-properties.tmpl" total=0.005781 read=0.000005 decode=0.000000 parse=0.001373 encode=0.003823 write=0.000343 bytes=0
TREE_CACHE status=miss name="union.tmpl" total=0.049939 read=0.000006 decode=0.000000 parse=0.011803 encode=0.034356 write=0.002753 bytes=0
