TREE_CACHE status=hit name="additional-properties.tmpl" total=0.004002 read=0.000140 decode=0.003610 parse=0.000000 encode=0.000000 write=0.000000 bytes=7559
TREE_CACHE status=hit name="client-partials.tmpl" total=0.003891 read=0.000144 decode=0.003511 parse=0.000000 encode=0.000000 write=0.000000 bytes=8333
TREE_CACHE status=hit name="client-with-responses.tmpl" total=0.012134 read=0.000312 decode=0.011344 parse=0.000000 encode=0.000000 write=0.000000 bytes=22058
TREE_CACHE status=hit name="client.tmpl" total=0.021750 read=0.000609 decode=0.020473 parse=0.000000 encode=0.000000 write=0.000000 bytes=33678
TREE_CACHE status=hit name="constants.tmpl" total=0.003165 read=0.000105 decode=0.002888 parse=0.000000 encode=0.000000 write=0.000000 bytes=4299
TREE_CACHE status=hit name="echo/echo-receiver.tmpl" total=0.010332 read=0.000323 decode=0.009606 parse=0.000000 encode=0.000000 write=0.000000 bytes=18019
TREE_CACHE status=hit name="echo/echo-register.tmpl" total=0.002417 read=0.000125 decode=0.002060 parse=0.000000 encode=0.000000 write=0.000000 bytes=6784
TREE_CACHE status=hit name="echo/echo-wrappers.tmpl" total=0.014198 read=0.000442 decode=0.013310 parse=0.000000 encode=0.000000 write=0.000000 bytes=30214
TREE_CACHE status=hit name="fiber/fiber-middleware.tmpl" total=0.021045 read=0.001749 decode=0.018568 parse=0.000000 encode=0.000000 write=0.000000 bytes=44290
TREE_CACHE status=hit name="fiber/fiber-receiver.tmpl" total=0.010635 read=0.000299 decode=0.009972 parse=0.000000 encode=0.000000 write=0.000000 bytes=18919
TREE_CACHE status=hit name="fiber-handler.tmpl" total=0.001115 read=0.000066 decode=0.000885 parse=0.000000 encode=0.000000 write=0.000000 bytes=2514
TREE_CACHE status=hit name="gin/gin-receiver.tmpl" total=0.010478 read=0.000276 decode=0.009817 parse=0.000000 encode=0.000000 write=0.000000 bytes=17906
TREE_CACHE status=hit name="gin/gin-register.tmpl" total=0.001187 read=0.000087 decode=0.000924 parse=0.000000 encode=0.000000 write=0.000000 bytes=2866
TREE_CACHE status=hit name="gin/gin-wrappers.tmpl" total=0.020435 read=0.000403 decode=0.019500 parse=0.000000 encode=0.000000 write=0.000000 bytes=25439
TREE_CACHE status=hit name="imports.tmpl" total=0.001946 read=0.000101 decode=0.001672 parse=0.000000 encode=0.000000 write=0.000000 bytes=2896
TREE_CACHE status=hit name="initiator.tmpl" total=0.014019 read=0.000408 decode=0.013052 parse=0.000000 encode=0.000000 write=0.000000 bytes=25967
TREE_CACHE status=hit name="inline.tmpl" total=0.002108 read=0.000153 decode=0.001646 parse=0.000000 encode=0.000000 write=0.000000 bytes=8198
TREE_CACHE status=hit name="iris/iris-handler.tmpl" total=0.001111 read=0.000054 decode=0.000901 parse=0.000000 encode=0.000000 write=0.000000 bytes=2399
TREE_CACHE status=hit name="iris/iris-middleware.tmpl" total=0.013855 read=0.000379 decode=0.012931 parse=0.000000 encode=0.000000 write=0.000000 bytes=24485
TREE_CACHE status=hit name="iris/iris-receiver.tmpl" total=0.015161 read=0.000300 decode=0.014492 parse=0.000000 encode=0.000000 write=0.000000 bytes=18136
TREE_CACHE status=hit name="param-types.tmpl" total=0.001320 read=0.000080 decode=0.001122 parse=0.000000 encode=0.000000 write=0.000000 bytes=1371
TREE_CACHE status=hit name="receiver-stdlib.tmpl" total=0.011349 read=0.000339 decode=0.010598 parse=0.000000 encode=0.000000 write=0.000000 bytes=19935
TREE_CACHE status=hit name="request-bodies.tmpl" total=0.002412 read=0.000078 decode=0.002192 parse=0.000000 encode=0.000000 write=0.000000 bytes=3131
TREE_CACHE status=hit name="server-handler.tmpl" total=0.006188 read=0.000415 decode=0.005433 parse=0.000000 encode=0.000000 write=0.000000 bytes=26664
TREE_CACHE status=hit name="server-interface.tmpl" total=0.002030 read=0.000098 decode=0.001737 parse=0.000000 encode=0.000000 write=0.000000 bytes=5766
TREE_CACHE status=hit name="server-middleware.tmpl" total=0.026873 read=0.000885 decode=0.025334 parse=0.000000 encode=0.000000 write=0.000000 bytes=62615
TREE_CACHE status=hit name="server-urls.tmpl" total=0.006931 read=0.000213 decode=0.006397 parse=0.000000 encode=0.000000 write=0.000000 bytes=10947
TREE_CACHE status=hit name="strict/strict-echo.tmpl" total=0.010323 read=0.000558 decode=0.009346 parse=0.000000 encode=0.000000 write=0.000000 bytes=33463
TREE_CACHE status=hit name="strict/strict-fiber-interface.tmpl" total=0.018940 read=0.000490 decode=0.017844 parse=0.000000 encode=0.000000 write=0.000000 bytes=31272
TREE_CACHE status=hit name="strict/strict-fiber.tmpl" total=0.015256 read=0.000527 decode=0.014314 parse=0.000000 encode=0.000000 write=0.000000 bytes=25372
TREE_CACHE status=hit name="strict/strict-gin.tmpl" total=0.008205 read=0.000511 decode=0.007194 parse=0.000000 encode=0.000000 write=0.000000 bytes=20166
TREE_CACHE status=hit name="strict/strict-http.tmpl" total=0.007780 read=0.000485 decode=0.006752 parse=0.000000 encode=0.000000 write=0.000000 bytes=18824
TREE_CACHE status=hit name="strict/strict-interface.tmpl" total=0.019826 read=0.000714 decode=0.018403 parse=0.000000 encode=0.000000 write=0.000000 bytes=34386
TREE_CACHE status=hit name="strict/strict-iris-interface.tmpl" total=0.024485 read=0.000612 decode=0.023275 parse=0.000000 encode=0.000000 write=0.000000 bytes=30945
TREE_CACHE status=hit name="strict/strict-iris.tmpl" total=0.007496 read=0.000460 decode=0.006605 parse=0.000000 encode=0.000000 write=0.000000 bytes=15653
TREE_CACHE status=hit name="strict/strict-partials.tmpl" total=0.004181 read=0.000371 decode=0.003558 parse=0.000000 encode=0.000000 write=0.000000 bytes=10846
TREE_CACHE status=hit name="strict/strict-responses.tmpl" total=0.004885 read=0.000209 decode=0.004441 parse=0.000000 encode=0.000000 write=0.000000 bytes=7176
TREE_CACHE status=hit name="typedef.tmpl" total=0.000825 read=0.000141 decode=0.000569 parse=0.000000 encode=0.000000 write=0.000000 bytes=722
TREE_CACHE status=hit name="union-and-additional-properties.tmpl" total=0.003265 read=0.000304 decode=0.002718 parse=0.000000 encode=0.000000 write=0.000000 bytes=6662
TREE_CACHE status=hit name="union.tmpl" total=0.034443 read=0.001303 decode=0.032084 parse=0.000000 encode=0.000000 write=0.000000 bytes=84160
