TREE_CACHE status=miss name="additional-properties.tmpl" total=0.007481 read=0.000017 decode=0.000000 parse=0.001858 encode=0.004600 write=0.000507 bytes=0
TREE_CACHE status=miss name="client-partials.tmpl" total=0.010397 read=0.000005 decode=0.000000 parse=0.001734 encode=0.006408 write=0.001928 bytes=0
TREE_CACHE status=miss name="client-with-responses.tmpl" total=0.023734 read=0.000024 decode=0.000000 parse=0.006765 encode=0.015048 write=0.000916 bytes=0
TREE_CACHE status=miss name="client.tmpl" total=0.035298 read=0.000005 decode=0.000000 parse=0.008199 encode=0.024950 write=0.001453 bytes=0
TREE_CACHE status=miss name="constants.tmpl" total=0.006710 read=0.000007 decode=0.000000 parse=0.002217 encode=0.003989 write=0.000329 bytes=0
TREE_CACHE status=miss name="echo/echo-receiver.tmpl" total=0.019643 read=0.000005 decode=0.000000 parse=0.005248 encode=0.013077 write=0.000892 bytes=0
TREE_CACHE status=miss name="echo/echo-register.tmpl" total=0.003875 read=0.000010 decode=0.000000 parse=0.000920 encode=0.002281 write=0.000372 bytes=0
TREE_CACHE status=miss name="echo/echo-wrappers.tmpl" total=0.032386 read=0.000006 decode=0.000000 parse=0.006721 encode=0.024027 write=0.001177 bytes=0
TREE_CACHE status=miss name="fiber/fiber-middleware.tmpl" total=0.030656 read=0.000007 decode=0.000000 parse=0.007762 encode=0.020134 write=0.002163 bytes=0
TREE_CACHE status=miss name="fiber/fiber-receiver.tmpl" total=0.026520 read=0.000009 decode=0.000000 parse=0.005203 encode=0.020130 write=0.000774 bytes=0
TREE_CACHE status=miss name="fiber-handler.tmpl" total=0.002010 read=0.000006 decode=0.000000 parse=0.000544 encode=0.001087 write=0.000195 bytes=0
TREE_CACHE status=miss name="gin/gin-receiver.tmpl" total=0.018931 read=0.000005 decode=0.000000 parse=0.005105 encode=0.012594 write=0.000837 bytes=0
TREE_CACHE status=miss name="gin/gin-register.tmpl" total=0.002087 read=0.000007 decode=0.000000 parse=0.000574 encode=0.001074 write=0.000244 bytes=0
TREE_CACHE status=miss name="gin/gin-wrappers.tmpl" total=0.033313 read=0.000006 decode=0.000000 parse=0.006865 encode=0.024915 write=0.001021 bytes=0
TREE_CACHE status=miss name="imports.tmpl" total=0.003357 read=0.000007 decode=0.000000 parse=0.000864 encode=0.002098 write=0.000230 bytes=0
TREE_CACHE status=miss name="initiator.tmpl" total=0.025382 read=0.000006 decode=0.000000 parse=0.006948 encode=0.016869 write=0.001026 bytes=0
TREE_CACHE status=miss name="inline.tmpl" total=0.003003 read=0.000006 decode=0.000000 parse=0.000677 encode=0.001518 write=0.000475 bytes=0
TREE_CACHE status=miss name="iris/iris-handler.tmpl" total=0.001960 read=0.000005 decode=0.000000 parse=0.000493 encode=0.001100 write=0.000205 bytes=0
TREE_CACHE status=miss name="iris/iris-middleware.tmpl" total=0.031841 read=0.000005 decode=0.000000 parse=0.012469 encode=0.017859 write=0.001006 bytes=0
TREE_CACHE status=miss name="iris/iris-receiver.tmpl" total=0.020365 read=0.000009 decode=0.000000 parse=0.004909 encode=0.014290 write=0.000767 bytes=0
TREE_CACHE status=miss name="param-types.tmpl" total=0.002788 read=0.000006 decode=0.000000 parse=0.000716 encode=0.001693 write=0.000217 bytes=0
TREE_CACHE status=miss name="receiver-stdlib.tmpl" total=0.027821 read=0.000007 decode=0.000000 parse=0.011843 encode=0.014591 write=0.000917 bytes=0
TREE_CACHE status=miss name="request-bodies.tmpl" total=0.005248 read=0.000006 decode=0.000000 parse=0.001394 encode=0.003352 write=0.000301 bytes=0
TREE_CACHE status=miss name="server-handler.tmpl" total=0.008810 read=0.000010 decode=0.000000 parse=0.001759 encode=0.005349 write=0.001275 bytes=0
TREE_CACHE status=miss name="server-interface.tmpl" total=0.003517 read=0.000007 decode=0.000000 parse=0.000796 encode=0.002175 write=0.000331 bytes=0
TREE_CACHE status=miss name="server-middleware.tmpl" total=0.038702 read=0.000007 decode=0.000000 parse=0.007509 encode=0.027948 write=0.002528 bytes=0
TREE_CACHE status=miss name="server-urls.tmpl" total=0.014307 read=0.000007 decode=0.000000 parse=0.004182 encode=0.009031 write=0.000668 bytes=0
TREE_CACHE status=miss name="strict/strict-echo.tmpl" total=0.017431 read=0.000010 decode=0.000000 parse=0.004200 encode=0.011169 write=0.001491 bytes=0
TREE_CACHE status=miss name="strict/strict-fiber-interface.tmpl" total=0.042012 read=0.000008 decode=0.000000 parse=0.009812 encode=0.030351 write=0.001223 bytes=0
TREE_CACHE status=miss name="strict/strict-fiber.tmpl" total=0.016146 read=0.000007 decode=0.000000 parse=0.004150 encode=0.010521 write=0.001054 bytes=0
TREE_CACHE status=miss name="strict/strict-gin.tmpl" total=0.021696 read=0.000008 decode=0.000000 parse=0.003503 encode=0.016668 write=0.000979 bytes=0
TREE_CACHE status=miss name="strict/strict-http.tmpl" total=0.014079 read=0.000013 decode=0.000000 parse=0.003569 encode=0.008938 write=0.000803 bytes=0
TREE_CACHE status=miss name="strict/strict-interface.tmpl" total=0.043465 read=0.000005 decode=0.000000 parse=0.010580 encode=0.030645 write=0.001515 bytes=0
TREE_CACHE status=miss name="strict/strict-iris-interface.tmpl" total=0.035970 read=0.000008 decode=0.000000 parse=0.009845 encode=0.023910 write=0.001544 bytes=0
TREE_CACHE status=miss name="strict/strict-iris.tmpl" total=0.017996 read=0.000010 decode=0.000000 parse=0.003707 encode=0.009047 write=0.004468 bytes=0
TREE_CACHE status=miss name="strict/strict-partials.tmpl" total=0.012800 read=0.000071 decode=0.000000 parse=0.005754 encode=0.004687 write=0.001076 bytes=0
TREE_CACHE status=miss name="strict/strict-responses.tmpl" total=0.011225 read=0.000012 decode=0.000000 parse=0.003124 encode=0.007211 write=0.000607 bytes=0
TREE_CACHE status=miss name="typedef.tmpl" total=0.001706 read=0.000008 decode=0.000000 parse=0.000406 encode=0.000898 write=0.000249 bytes=0
TREE_CACHE status=miss name="union-and-additional-properties.tmpl" total=0.006414 read=0.000005 decode=0.000000 parse=0.001633 encode=0.004070 write=0.000426 bytes=0
TREE_CACHE status=miss name="union.tmpl" total=0.058329 read=0.000006 decode=0.000000 parse=0.013390 encode=0.040709 write=0.003058 bytes=0
